I'm sorry, but errors were detected in your script. Please correct the
errors listed below, and try again.


File "game/script.rpy", line 32: expected 'simple_expression' not found.
    hide image
              ^

Ren'Py Version: Ren'Py 8.1.3.23091805
Sun Nov 12 20:09:25 2023
